
"<etu->"
	"etu" Trunc Prefix abc #1
"<ja>"
	"ja" Adv abc #1
	"ja" CC abc #1
"<takapuoli>"
	"takapuoli" N Sg Nom abc #1
"<tai>"
	"tai" CC abc #1
	"tai" N Sg Nom abc #1
"<-kolmannes>"
	"kolmannes" N Sg Nom Suffix abc #1
"<->"
	"-" Pun noabc #1
"<->"
	"-" Pun noabc #1
"<kissa>"
	"kissa" N Sg Nom abc #1
